exports[`<ProjectTech /> renders correctly 1`] = `
<div
  className="container">
  <ProjectTechList
    items={
      Array [
        "Node.js",
        "Express",
        "RethinkDB",
        "WebSockets"
      ]
    }
    title="Server/API" />
  <ProjectTechList
    items={
      Array [
        "React Native",
        "Redux",
        "redux-saga",
        "Exponent"
      ]
    }
    title="Client" />
</div>
`;
