exports[`<NetworkButton /> renders correctly 1`] = `
<div
  className="container">
  <TouchFeedback
    borderRadius={0}
    color="black"
    disabled={false}
    growth={8}
    type="ellipse"
    url="https://github.com/shanecav">
    <a
      className="link"
      href="https://github.com/shanecav"
      onBlur={[Function anonymous]}
      onFocus={[Function anonymous]}
      onMouseEnter={[Function anonymous]}
      onMouseLeave={[Function anonymous]}>
      <span
        className="github icon">
        github.com/shanecav
      </span>
    </a>
  </TouchFeedback>
  <Tooltip
    show={false}
    text="github.com/shanecav" />
</div>
`;
