exports[`<TabContentList /> active=0 (default height) renders correctly 1`] = `
<Motion
  onRest={[Function anonymous]}
  style={
    Object {
      "h": 0
    }
  } />
`;

exports[`<TabContentList /> active=1 (default height) renders correctly 1`] = `
<Motion
  onRest={[Function anonymous]}
  style={
    Object {
      "h": 0
    }
  } />
`;

exports[`<TabContentList /> height=current renders correctly 1`] = `
<Motion
  onRest={[Function anonymous]}
  style={
    Object {
      "h": 0
    }
  } />
`;
