exports[`FlexGroupHorizontal renders correctly when empty 1`] = `
<ul
  className="list" />
`;

exports[`FlexGroupHorizontal renders correctly with children 1`] = `
<ul
  className="list">
  <li
    className="item">
    <NetworkButton
      link="https://github.com/shanecav"
      type="github" />
  </li>
  <li
    className="item">
    <NetworkButton
      link="http://stackoverflow.com/users/1942085/shane-cavaliere"
      type="stackoverflow" />
  </li>
  <li
    className="item">
    <NetworkButton
      link="https://linkedin.com/in/shanecavaliere"
      type="linkedin" />
  </li>
  <li
    className="item">
    <NetworkButton
      link="https://twitter.com/shanecav"
      type="twitter" />
  </li>
  <li
    className="item">
    <NetworkButton
      link="mailto:shane@shanecavaliere.com"
      type="email" />
  </li>
</ul>
`;
