exports[`<Card /> renders correctly 1`] = `
<div
  className="container">
  <div
    className="cardLeft">
    <CardPhoto
      alt="Shane Cavaliere"
      photoUrl="http://d1x6pxn199r2dp.cloudfront.net/images/shanecavaliere-avatar.jpg" />
  </div>
  <div
    className="cardRight">
    <h1
      className="name">
      Shane Cavaliere
    </h1>
    <h3
      className="title">
      full stack developer + designer
    </h3>
    <FlexGroupHorizontal>
      <NetworkButton
        link="https://github.com/shanecav"
        type="github" />
      <NetworkButton
        link="http://stackoverflow.com/users/1942085/shane-cavaliere"
        type="stackoverflow" />
      <NetworkButton
        link="https://linkedin.com/in/shanecavaliere"
        type="linkedin" />
      <NetworkButton
        link="https://twitter.com/shanecav"
        type="twitter" />
      <NetworkButton
        link="mailto:shane@shanecavaliere.com"
        type="email" />
    </FlexGroupHorizontal>
  </div>
</div>
`;
